
> my_portfolio@0.1.0 start
> react-scripts start

(node:17896) [DEP0176] DeprecationWarning: fs.F_OK is deprecated, use fs.constants.F_OK instead
(Use `node --trace-deprecation ...` to show where the warning was created)
Browserslist: browsers data (caniuse-lite) is 17 months old. Please run:
  npx update-browserslist-db@latest
  Why you should do it regularly: https://github.com/browserslist/update-db#readme
(node:17896) [DEP_WEBPACK_DEV_SERVER_ON_AFTER_SETUP_MIDDLEWARE] DeprecationWarning: 'onAfterSetupMiddleware' option is deprecated. Please use the 'setupMiddlewares' option.
(node:17896) [DEP_WEBPACK_DEV_SERVER_ON_BEFORE_SETUP_MIDDLEWARE] DeprecationWarning: 'onBeforeSetupMiddleware' option is deprecated. Please use the 'setupMiddlewares' option.
Starting the development server...

[0;33mOne of your dependencies, babel-preset-react-app, is importing the
"@babel/plugin-proposal-private-property-in-object" package without
declaring it in its dependencies. This is currently working because
"@babel/plugin-proposal-private-property-in-object" is already in your
node_modules folder for unrelated reasons, but it [1mmay break at any time[0;33m.

babel-preset-react-app is part of the create-react-app project, [1mwhich
is not maintianed anymore[0;33m. It is thus unlikely that this bug will
ever be fixed. Add "@babel/plugin-proposal-private-property-in-object" to
your devDependencies to work around this error. This will make this message
go away.[0m
  
Compiled with warnings.

[eslint] 
src\components\Navbar.js
  Line 3:70:  'FaCube' is defined but never used  no-unused-vars

src\components\ProfileBanner.js
  Line 1:17:  'useEffect' is defined but never used  no-unused-vars
  Line 1:28:  'useState' is defined but never used   no-unused-vars

src\games\SpaceExploration.js
  Line 35:20:  The ref value 'mountRef.current' will likely have changed by the time this effect cleanup function runs. If this ref points to a node rendered by React, copy 'mountRef.current' to a variable inside the effect, and use that variable in the cleanup function  react-hooks/exhaustive-deps

src\games\ThreeDChess.js
  Line 34:20:  The ref value 'mountRef.current' will likely have changed by the time this effect cleanup function runs. If this ref points to a node rendered by React, copy 'mountRef.current' to a variable inside the effect, and use that variable in the cleanup function  react-hooks/exhaustive-deps

src\games\VirtualShootingRange.js
  Line 35:20:  The ref value 'mountRef.current' will likely have changed by the time this effect cleanup function runs. If this ref points to a node rendered by React, copy 'mountRef.current' to a variable inside the effect, and use that variable in the cleanup function  react-hooks/exhaustive-deps

src\games\snakegame\GameLogic.js
  Line 92:21:  Function declared in a loop contains unsafe references to variable(s) 'newApple', 'newApple'  no-loop-func
  Line 93:21:  Function declared in a loop contains unsafe references to variable(s) 'newApple', 'newApple'  no-loop-func

src\games\snakegame\SnakeRaceGame.jsx
  Line 42:6:  React Hook useEffect has a missing dependency: 'resetGame'. Either include it or remove the dependency array  react-hooks/exhaustive-deps

src\pages\Music.js
  Line 26:13:  <iframe> elements must have a unique title property  jsx-a11y/iframe-has-title
  Line 46:15:  <iframe> elements must have a unique title property  jsx-a11y/iframe-has-title

Search for the keywords to learn more about each warning.
To ignore, add // eslint-disable-next-line to the line before.

[1m[33mWARNING[39m[22m in [1m[eslint] 
src\components\Navbar.js
  Line 3:70:  'FaCube' is defined but never used  no-unused-vars

src\components\ProfileBanner.js
  Line 1:17:  'useEffect' is defined but never used  no-unused-vars
  Line 1:28:  'useState' is defined but never used   no-unused-vars

src\games\SpaceExploration.js
  Line 35:20:  The ref value 'mountRef.current' will likely have changed by the time this effect cleanup function runs. If this ref points to a node rendered by React, copy 'mountRef.current' to a variable inside the effect, and use that variable in the cleanup function  react-hooks/exhaustive-deps

src\games\ThreeDChess.js
  Line 34:20:  The ref value 'mountRef.current' will likely have changed by the time this effect cleanup function runs. If this ref points to a node rendered by React, copy 'mountRef.current' to a variable inside the effect, and use that variable in the cleanup function  react-hooks/exhaustive-deps

src\games\VirtualShootingRange.js
  Line 35:20:  The ref value 'mountRef.current' will likely have changed by the time this effect cleanup function runs. If this ref points to a node rendered by React, copy 'mountRef.current' to a variable inside the effect, and use that variable in the cleanup function  react-hooks/exhaustive-deps

src\games\snakegame\GameLogic.js
  Line 92:21:  Function declared in a loop contains unsafe references to variable(s) 'newApple', 'newApple'  no-loop-func
  Line 93:21:  Function declared in a loop contains unsafe references to variable(s) 'newApple', 'newApple'  no-loop-func

src\games\snakegame\SnakeRaceGame.jsx
  Line 42:6:  React Hook useEffect has a missing dependency: 'resetGame'. Either include it or remove the dependency array  react-hooks/exhaustive-deps

src\pages\Music.js
  Line 26:13:  <iframe> elements [1m[33mmust[39m[22m[1m have a unique title property  jsx-a11y/iframe-has-title
  Line 46:15:  <iframe> elements [1m[33mmust[39m[22m[1m have a unique title property  jsx-a11y/iframe-has-title

[39m[22m

webpack compiled with [1m[33m1 warning[39m[22m
Compiling...
Compiled with warnings.

[eslint] 
src\components\Navbar.js
  Line 3:70:  'FaCube' is defined but never used  no-unused-vars

src\components\ProfileBanner.js
  Line 1:17:  'useEffect' is defined but never used  no-unused-vars
  Line 1:28:  'useState' is defined but never used   no-unused-vars

src\games\SpaceExploration.js
  Line 35:20:  The ref value 'mountRef.current' will likely have changed by the time this effect cleanup function runs. If this ref points to a node rendered by React, copy 'mountRef.current' to a variable inside the effect, and use that variable in the cleanup function  react-hooks/exhaustive-deps

src\games\ThreeDChess.js
  Line 34:20:  The ref value 'mountRef.current' will likely have changed by the time this effect cleanup function runs. If this ref points to a node rendered by React, copy 'mountRef.current' to a variable inside the effect, and use that variable in the cleanup function  react-hooks/exhaustive-deps

src\games\VirtualShootingRange.js
  Line 35:20:  The ref value 'mountRef.current' will likely have changed by the time this effect cleanup function runs. If this ref points to a node rendered by React, copy 'mountRef.current' to a variable inside the effect, and use that variable in the cleanup function  react-hooks/exhaustive-deps

src\games\snakegame\GameLogic.js
  Line 92:21:  Function declared in a loop contains unsafe references to variable(s) 'newApple', 'newApple'  no-loop-func
  Line 93:21:  Function declared in a loop contains unsafe references to variable(s) 'newApple', 'newApple'  no-loop-func

src\games\snakegame\SnakeRaceGame.jsx
  Line 42:6:  React Hook useEffect has a missing dependency: 'resetGame'. Either include it or remove the dependency array  react-hooks/exhaustive-deps

src\pages\Music.js
  Line 26:13:  <iframe> elements must have a unique title property  jsx-a11y/iframe-has-title
  Line 46:15:  <iframe> elements must have a unique title property  jsx-a11y/iframe-has-title

Search for the keywords to learn more about each warning.
To ignore, add // eslint-disable-next-line to the line before.

[1m[33mWARNING[39m[22m in [1m[eslint] 
src\components\Navbar.js
  Line 3:70:  'FaCube' is defined but never used  no-unused-vars

src\components\ProfileBanner.js
  Line 1:17:  'useEffect' is defined but never used  no-unused-vars
  Line 1:28:  'useState' is defined but never used   no-unused-vars

src\games\SpaceExploration.js
  Line 35:20:  The ref value 'mountRef.current' will likely have changed by the time this effect cleanup function runs. If this ref points to a node rendered by React, copy 'mountRef.current' to a variable inside the effect, and use that variable in the cleanup function  react-hooks/exhaustive-deps

src\games\ThreeDChess.js
  Line 34:20:  The ref value 'mountRef.current' will likely have changed by the time this effect cleanup function runs. If this ref points to a node rendered by React, copy 'mountRef.current' to a variable inside the effect, and use that variable in the cleanup function  react-hooks/exhaustive-deps

src\games\VirtualShootingRange.js
  Line 35:20:  The ref value 'mountRef.current' will likely have changed by the time this effect cleanup function runs. If this ref points to a node rendered by React, copy 'mountRef.current' to a variable inside the effect, and use that variable in the cleanup function  react-hooks/exhaustive-deps

src\games\snakegame\GameLogic.js
  Line 92:21:  Function declared in a loop contains unsafe references to variable(s) 'newApple', 'newApple'  no-loop-func
  Line 93:21:  Function declared in a loop contains unsafe references to variable(s) 'newApple', 'newApple'  no-loop-func

src\games\snakegame\SnakeRaceGame.jsx
  Line 42:6:  React Hook useEffect has a missing dependency: 'resetGame'. Either include it or remove the dependency array  react-hooks/exhaustive-deps

src\pages\Music.js
  Line 26:13:  <iframe> elements [1m[33mmust[39m[22m[1m have a unique title property  jsx-a11y/iframe-has-title
  Line 46:15:  <iframe> elements [1m[33mmust[39m[22m[1m have a unique title property  jsx-a11y/iframe-has-title

[39m[22m

webpack compiled with [1m[33m1 warning[39m[22m
Compiling...
Compiled with warnings.

[eslint] 
src\components\Navbar.js
  Line 3:70:  'FaCube' is defined but never used  no-unused-vars

src\components\ProfileBanner.js
  Line 1:17:  'useEffect' is defined but never used  no-unused-vars
  Line 1:28:  'useState' is defined but never used   no-unused-vars

src\games\SpaceExploration.js
  Line 35:20:  The ref value 'mountRef.current' will likely have changed by the time this effect cleanup function runs. If this ref points to a node rendered by React, copy 'mountRef.current' to a variable inside the effect, and use that variable in the cleanup function  react-hooks/exhaustive-deps

src\games\ThreeDChess.js
  Line 34:20:  The ref value 'mountRef.current' will likely have changed by the time this effect cleanup function runs. If this ref points to a node rendered by React, copy 'mountRef.current' to a variable inside the effect, and use that variable in the cleanup function  react-hooks/exhaustive-deps

src\games\VirtualShootingRange.js
  Line 35:20:  The ref value 'mountRef.current' will likely have changed by the time this effect cleanup function runs. If this ref points to a node rendered by React, copy 'mountRef.current' to a variable inside the effect, and use that variable in the cleanup function  react-hooks/exhaustive-deps

src\games\snakegame\GameLogic.js
  Line 92:21:  Function declared in a loop contains unsafe references to variable(s) 'newApple', 'newApple'  no-loop-func
  Line 93:21:  Function declared in a loop contains unsafe references to variable(s) 'newApple', 'newApple'  no-loop-func

src\games\snakegame\SnakeRaceGame.jsx
  Line 42:6:  React Hook useEffect has a missing dependency: 'resetGame'. Either include it or remove the dependency array  react-hooks/exhaustive-deps

src\pages\Music.js
  Line 26:13:  <iframe> elements must have a unique title property  jsx-a11y/iframe-has-title
  Line 46:15:  <iframe> elements must have a unique title property  jsx-a11y/iframe-has-title

Search for the keywords to learn more about each warning.
To ignore, add // eslint-disable-next-line to the line before.

[1m[33mWARNING[39m[22m in [1m[eslint] 
src\components\Navbar.js
  Line 3:70:  'FaCube' is defined but never used  no-unused-vars

src\components\ProfileBanner.js
  Line 1:17:  'useEffect' is defined but never used  no-unused-vars
  Line 1:28:  'useState' is defined but never used   no-unused-vars

src\games\SpaceExploration.js
  Line 35:20:  The ref value 'mountRef.current' will likely have changed by the time this effect cleanup function runs. If this ref points to a node rendered by React, copy 'mountRef.current' to a variable inside the effect, and use that variable in the cleanup function  react-hooks/exhaustive-deps

src\games\ThreeDChess.js
  Line 34:20:  The ref value 'mountRef.current' will likely have changed by the time this effect cleanup function runs. If this ref points to a node rendered by React, copy 'mountRef.current' to a variable inside the effect, and use that variable in the cleanup function  react-hooks/exhaustive-deps

src\games\VirtualShootingRange.js
  Line 35:20:  The ref value 'mountRef.current' will likely have changed by the time this effect cleanup function runs. If this ref points to a node rendered by React, copy 'mountRef.current' to a variable inside the effect, and use that variable in the cleanup function  react-hooks/exhaustive-deps

src\games\snakegame\GameLogic.js
  Line 92:21:  Function declared in a loop contains unsafe references to variable(s) 'newApple', 'newApple'  no-loop-func
  Line 93:21:  Function declared in a loop contains unsafe references to variable(s) 'newApple', 'newApple'  no-loop-func

src\games\snakegame\SnakeRaceGame.jsx
  Line 42:6:  React Hook useEffect has a missing dependency: 'resetGame'. Either include it or remove the dependency array  react-hooks/exhaustive-deps

src\pages\Music.js
  Line 26:13:  <iframe> elements [1m[33mmust[39m[22m[1m have a unique title property  jsx-a11y/iframe-has-title
  Line 46:15:  <iframe> elements [1m[33mmust[39m[22m[1m have a unique title property  jsx-a11y/iframe-has-title

[39m[22m

webpack compiled with [1m[33m1 warning[39m[22m
Compiling...
Compiled with warnings.

[eslint] 
src\components\Navbar.js
  Line 3:70:  'FaCube' is defined but never used  no-unused-vars

src\components\ProfileBanner.js
  Line 1:17:  'useEffect' is defined but never used  no-unused-vars
  Line 1:28:  'useState' is defined but never used   no-unused-vars

src\games\SpaceExploration.js
  Line 35:20:  The ref value 'mountRef.current' will likely have changed by the time this effect cleanup function runs. If this ref points to a node rendered by React, copy 'mountRef.current' to a variable inside the effect, and use that variable in the cleanup function  react-hooks/exhaustive-deps

src\games\ThreeDChess.js
  Line 34:20:  The ref value 'mountRef.current' will likely have changed by the time this effect cleanup function runs. If this ref points to a node rendered by React, copy 'mountRef.current' to a variable inside the effect, and use that variable in the cleanup function  react-hooks/exhaustive-deps

src\games\VirtualShootingRange.js
  Line 35:20:  The ref value 'mountRef.current' will likely have changed by the time this effect cleanup function runs. If this ref points to a node rendered by React, copy 'mountRef.current' to a variable inside the effect, and use that variable in the cleanup function  react-hooks/exhaustive-deps

src\games\snakegame\GameLogic.js
  Line 92:21:  Function declared in a loop contains unsafe references to variable(s) 'newApple', 'newApple'  no-loop-func
  Line 93:21:  Function declared in a loop contains unsafe references to variable(s) 'newApple', 'newApple'  no-loop-func

src\games\snakegame\SnakeRaceGame.jsx
  Line 42:6:  React Hook useEffect has a missing dependency: 'resetGame'. Either include it or remove the dependency array  react-hooks/exhaustive-deps

src\pages\Music.js
  Line 26:13:  <iframe> elements must have a unique title property  jsx-a11y/iframe-has-title
  Line 46:15:  <iframe> elements must have a unique title property  jsx-a11y/iframe-has-title

Search for the keywords to learn more about each warning.
To ignore, add // eslint-disable-next-line to the line before.

[1m[33mWARNING[39m[22m in [1m[eslint] 
src\components\Navbar.js
  Line 3:70:  'FaCube' is defined but never used  no-unused-vars

src\components\ProfileBanner.js
  Line 1:17:  'useEffect' is defined but never used  no-unused-vars
  Line 1:28:  'useState' is defined but never used   no-unused-vars

src\games\SpaceExploration.js
  Line 35:20:  The ref value 'mountRef.current' will likely have changed by the time this effect cleanup function runs. If this ref points to a node rendered by React, copy 'mountRef.current' to a variable inside the effect, and use that variable in the cleanup function  react-hooks/exhaustive-deps

src\games\ThreeDChess.js
  Line 34:20:  The ref value 'mountRef.current' will likely have changed by the time this effect cleanup function runs. If this ref points to a node rendered by React, copy 'mountRef.current' to a variable inside the effect, and use that variable in the cleanup function  react-hooks/exhaustive-deps

src\games\VirtualShootingRange.js
  Line 35:20:  The ref value 'mountRef.current' will likely have changed by the time this effect cleanup function runs. If this ref points to a node rendered by React, copy 'mountRef.current' to a variable inside the effect, and use that variable in the cleanup function  react-hooks/exhaustive-deps

src\games\snakegame\GameLogic.js
  Line 92:21:  Function declared in a loop contains unsafe references to variable(s) 'newApple', 'newApple'  no-loop-func
  Line 93:21:  Function declared in a loop contains unsafe references to variable(s) 'newApple', 'newApple'  no-loop-func

src\games\snakegame\SnakeRaceGame.jsx
  Line 42:6:  React Hook useEffect has a missing dependency: 'resetGame'. Either include it or remove the dependency array  react-hooks/exhaustive-deps

src\pages\Music.js
  Line 26:13:  <iframe> elements [1m[33mmust[39m[22m[1m have a unique title property  jsx-a11y/iframe-has-title
  Line 46:15:  <iframe> elements [1m[33mmust[39m[22m[1m have a unique title property  jsx-a11y/iframe-has-title

[39m[22m

webpack compiled with [1m[33m1 warning[39m[22m
Compiling...
Compiled with warnings.

[eslint] 
src\components\Navbar.js
  Line 3:70:  'FaCube' is defined but never used  no-unused-vars

src\components\ProfileBanner.js
  Line 1:17:  'useEffect' is defined but never used  no-unused-vars
  Line 1:28:  'useState' is defined but never used   no-unused-vars

src\games\SpaceExploration.js
  Line 35:20:  The ref value 'mountRef.current' will likely have changed by the time this effect cleanup function runs. If this ref points to a node rendered by React, copy 'mountRef.current' to a variable inside the effect, and use that variable in the cleanup function  react-hooks/exhaustive-deps

src\games\ThreeDChess.js
  Line 34:20:  The ref value 'mountRef.current' will likely have changed by the time this effect cleanup function runs. If this ref points to a node rendered by React, copy 'mountRef.current' to a variable inside the effect, and use that variable in the cleanup function  react-hooks/exhaustive-deps

src\games\VirtualShootingRange.js
  Line 35:20:  The ref value 'mountRef.current' will likely have changed by the time this effect cleanup function runs. If this ref points to a node rendered by React, copy 'mountRef.current' to a variable inside the effect, and use that variable in the cleanup function  react-hooks/exhaustive-deps

src\games\snakegame\GameLogic.js
  Line 92:21:  Function declared in a loop contains unsafe references to variable(s) 'newApple', 'newApple'  no-loop-func
  Line 93:21:  Function declared in a loop contains unsafe references to variable(s) 'newApple', 'newApple'  no-loop-func

src\games\snakegame\SnakeRaceGame.jsx
  Line 42:6:  React Hook useEffect has a missing dependency: 'resetGame'. Either include it or remove the dependency array  react-hooks/exhaustive-deps

src\pages\Music.js
  Line 26:13:  <iframe> elements must have a unique title property  jsx-a11y/iframe-has-title
  Line 46:15:  <iframe> elements must have a unique title property  jsx-a11y/iframe-has-title

Search for the keywords to learn more about each warning.
To ignore, add // eslint-disable-next-line to the line before.

[1m[33mWARNING[39m[22m in [1m[eslint] 
src\components\Navbar.js
  Line 3:70:  'FaCube' is defined but never used  no-unused-vars

src\components\ProfileBanner.js
  Line 1:17:  'useEffect' is defined but never used  no-unused-vars
  Line 1:28:  'useState' is defined but never used   no-unused-vars

src\games\SpaceExploration.js
  Line 35:20:  The ref value 'mountRef.current' will likely have changed by the time this effect cleanup function runs. If this ref points to a node rendered by React, copy 'mountRef.current' to a variable inside the effect, and use that variable in the cleanup function  react-hooks/exhaustive-deps

src\games\ThreeDChess.js
  Line 34:20:  The ref value 'mountRef.current' will likely have changed by the time this effect cleanup function runs. If this ref points to a node rendered by React, copy 'mountRef.current' to a variable inside the effect, and use that variable in the cleanup function  react-hooks/exhaustive-deps

src\games\VirtualShootingRange.js
  Line 35:20:  The ref value 'mountRef.current' will likely have changed by the time this effect cleanup function runs. If this ref points to a node rendered by React, copy 'mountRef.current' to a variable inside the effect, and use that variable in the cleanup function  react-hooks/exhaustive-deps

src\games\snakegame\GameLogic.js
  Line 92:21:  Function declared in a loop contains unsafe references to variable(s) 'newApple', 'newApple'  no-loop-func
  Line 93:21:  Function declared in a loop contains unsafe references to variable(s) 'newApple', 'newApple'  no-loop-func

src\games\snakegame\SnakeRaceGame.jsx
  Line 42:6:  React Hook useEffect has a missing dependency: 'resetGame'. Either include it or remove the dependency array  react-hooks/exhaustive-deps

src\pages\Music.js
  Line 26:13:  <iframe> elements [1m[33mmust[39m[22m[1m have a unique title property  jsx-a11y/iframe-has-title
  Line 46:15:  <iframe> elements [1m[33mmust[39m[22m[1m have a unique title property  jsx-a11y/iframe-has-title

[39m[22m

webpack compiled with [1m[33m1 warning[39m[22m
Compiling...
Compiled with warnings.

[eslint] 
src\components\Navbar.js
  Line 3:70:  'FaCube' is defined but never used  no-unused-vars

src\components\ProfileBanner.js
  Line 1:17:  'useEffect' is defined but never used  no-unused-vars
  Line 1:28:  'useState' is defined but never used   no-unused-vars

src\games\SpaceExploration.js
  Line 35:20:  The ref value 'mountRef.current' will likely have changed by the time this effect cleanup function runs. If this ref points to a node rendered by React, copy 'mountRef.current' to a variable inside the effect, and use that variable in the cleanup function  react-hooks/exhaustive-deps

src\games\ThreeDChess.js
  Line 34:20:  The ref value 'mountRef.current' will likely have changed by the time this effect cleanup function runs. If this ref points to a node rendered by React, copy 'mountRef.current' to a variable inside the effect, and use that variable in the cleanup function  react-hooks/exhaustive-deps

src\games\VirtualShootingRange.js
  Line 35:20:  The ref value 'mountRef.current' will likely have changed by the time this effect cleanup function runs. If this ref points to a node rendered by React, copy 'mountRef.current' to a variable inside the effect, and use that variable in the cleanup function  react-hooks/exhaustive-deps

src\games\snakegame\GameLogic.js
  Line 92:21:  Function declared in a loop contains unsafe references to variable(s) 'newApple', 'newApple'  no-loop-func
  Line 93:21:  Function declared in a loop contains unsafe references to variable(s) 'newApple', 'newApple'  no-loop-func

src\games\snakegame\SnakeRaceGame.jsx
  Line 42:6:  React Hook useEffect has a missing dependency: 'resetGame'. Either include it or remove the dependency array  react-hooks/exhaustive-deps

src\pages\Music.js
  Line 26:13:  <iframe> elements must have a unique title property  jsx-a11y/iframe-has-title
  Line 46:15:  <iframe> elements must have a unique title property  jsx-a11y/iframe-has-title

Search for the keywords to learn more about each warning.
To ignore, add // eslint-disable-next-line to the line before.

[1m[33mWARNING[39m[22m in [1m[eslint] 
src\components\Navbar.js
  Line 3:70:  'FaCube' is defined but never used  no-unused-vars

src\components\ProfileBanner.js
  Line 1:17:  'useEffect' is defined but never used  no-unused-vars
  Line 1:28:  'useState' is defined but never used   no-unused-vars

src\games\SpaceExploration.js
  Line 35:20:  The ref value 'mountRef.current' will likely have changed by the time this effect cleanup function runs. If this ref points to a node rendered by React, copy 'mountRef.current' to a variable inside the effect, and use that variable in the cleanup function  react-hooks/exhaustive-deps

src\games\ThreeDChess.js
  Line 34:20:  The ref value 'mountRef.current' will likely have changed by the time this effect cleanup function runs. If this ref points to a node rendered by React, copy 'mountRef.current' to a variable inside the effect, and use that variable in the cleanup function  react-hooks/exhaustive-deps

src\games\VirtualShootingRange.js
  Line 35:20:  The ref value 'mountRef.current' will likely have changed by the time this effect cleanup function runs. If this ref points to a node rendered by React, copy 'mountRef.current' to a variable inside the effect, and use that variable in the cleanup function  react-hooks/exhaustive-deps

src\games\snakegame\GameLogic.js
  Line 92:21:  Function declared in a loop contains unsafe references to variable(s) 'newApple', 'newApple'  no-loop-func
  Line 93:21:  Function declared in a loop contains unsafe references to variable(s) 'newApple', 'newApple'  no-loop-func

src\games\snakegame\SnakeRaceGame.jsx
  Line 42:6:  React Hook useEffect has a missing dependency: 'resetGame'. Either include it or remove the dependency array  react-hooks/exhaustive-deps

src\pages\Music.js
  Line 26:13:  <iframe> elements [1m[33mmust[39m[22m[1m have a unique title property  jsx-a11y/iframe-has-title
  Line 46:15:  <iframe> elements [1m[33mmust[39m[22m[1m have a unique title property  jsx-a11y/iframe-has-title

[39m[22m

webpack compiled with [1m[33m1 warning[39m[22m
Compiling...
Compiled with warnings.

[eslint] 
src\games\SpaceExploration.js
  Line 35:20:  The ref value 'mountRef.current' will likely have changed by the time this effect cleanup function runs. If this ref points to a node rendered by React, copy 'mountRef.current' to a variable inside the effect, and use that variable in the cleanup function  react-hooks/exhaustive-deps

src\games\ThreeDChess.js
  Line 34:20:  The ref value 'mountRef.current' will likely have changed by the time this effect cleanup function runs. If this ref points to a node rendered by React, copy 'mountRef.current' to a variable inside the effect, and use that variable in the cleanup function  react-hooks/exhaustive-deps

src\games\VirtualShootingRange.js
  Line 35:20:  The ref value 'mountRef.current' will likely have changed by the time this effect cleanup function runs. If this ref points to a node rendered by React, copy 'mountRef.current' to a variable inside the effect, and use that variable in the cleanup function  react-hooks/exhaustive-deps

src\games\snakegame\GameLogic.js
  Line 92:21:  Function declared in a loop contains unsafe references to variable(s) 'newApple', 'newApple'  no-loop-func
  Line 93:21:  Function declared in a loop contains unsafe references to variable(s) 'newApple', 'newApple'  no-loop-func

src\games\snakegame\SnakeRaceGame.jsx
  Line 42:6:  React Hook useEffect has a missing dependency: 'resetGame'. Either include it or remove the dependency array  react-hooks/exhaustive-deps

Search for the keywords to learn more about each warning.
To ignore, add // eslint-disable-next-line to the line before.

[1m[33mWARNING[39m[22m in [1m[eslint] 
src\games\SpaceExploration.js
  Line 35:20:  The ref value 'mountRef.current' will likely have changed by the time this effect cleanup function runs. If this ref points to a node rendered by React, copy 'mountRef.current' to a variable inside the effect, and use that variable in the cleanup function  react-hooks/exhaustive-deps

src\games\ThreeDChess.js
  Line 34:20:  The ref value 'mountRef.current' will likely have changed by the time this effect cleanup function runs. If this ref points to a node rendered by React, copy 'mountRef.current' to a variable inside the effect, and use that variable in the cleanup function  react-hooks/exhaustive-deps

src\games\VirtualShootingRange.js
  Line 35:20:  The ref value 'mountRef.current' will likely have changed by the time this effect cleanup function runs. If this ref points to a node rendered by React, copy 'mountRef.current' to a variable inside the effect, and use that variable in the cleanup function  react-hooks/exhaustive-deps

src\games\snakegame\GameLogic.js
  Line 92:21:  Function declared in a loop contains unsafe references to variable(s) 'newApple', 'newApple'  no-loop-func
  Line 93:21:  Function declared in a loop contains unsafe references to variable(s) 'newApple', 'newApple'  no-loop-func

src\games\snakegame\SnakeRaceGame.jsx
  Line 42:6:  React Hook useEffect has a missing dependency: 'resetGame'. Either include it or remove the dependency array  react-hooks/exhaustive-deps

[39m[22m

webpack compiled with [1m[33m1 warning[39m[22m
Compiling...
Compiled with warnings.

[eslint] 
src\games\SpaceExploration.js
  Line 35:20:  The ref value 'mountRef.current' will likely have changed by the time this effect cleanup function runs. If this ref points to a node rendered by React, copy 'mountRef.current' to a variable inside the effect, and use that variable in the cleanup function  react-hooks/exhaustive-deps

src\games\ThreeDChess.js
  Line 34:20:  The ref value 'mountRef.current' will likely have changed by the time this effect cleanup function runs. If this ref points to a node rendered by React, copy 'mountRef.current' to a variable inside the effect, and use that variable in the cleanup function  react-hooks/exhaustive-deps

src\games\VirtualShootingRange.js
  Line 35:20:  The ref value 'mountRef.current' will likely have changed by the time this effect cleanup function runs. If this ref points to a node rendered by React, copy 'mountRef.current' to a variable inside the effect, and use that variable in the cleanup function  react-hooks/exhaustive-deps

src\games\snakegame\GameLogic.js
  Line 92:21:  Function declared in a loop contains unsafe references to variable(s) 'newApple', 'newApple'  no-loop-func
  Line 93:21:  Function declared in a loop contains unsafe references to variable(s) 'newApple', 'newApple'  no-loop-func

src\games\snakegame\SnakeRaceGame.jsx
  Line 42:6:  React Hook useEffect has a missing dependency: 'resetGame'. Either include it or remove the dependency array  react-hooks/exhaustive-deps

Search for the keywords to learn more about each warning.
To ignore, add // eslint-disable-next-line to the line before.

[1m[33mWARNING[39m[22m in [1m[eslint] 
src\games\SpaceExploration.js
  Line 35:20:  The ref value 'mountRef.current' will likely have changed by the time this effect cleanup function runs. If this ref points to a node rendered by React, copy 'mountRef.current' to a variable inside the effect, and use that variable in the cleanup function  react-hooks/exhaustive-deps

src\games\ThreeDChess.js
  Line 34:20:  The ref value 'mountRef.current' will likely have changed by the time this effect cleanup function runs. If this ref points to a node rendered by React, copy 'mountRef.current' to a variable inside the effect, and use that variable in the cleanup function  react-hooks/exhaustive-deps

src\games\VirtualShootingRange.js
  Line 35:20:  The ref value 'mountRef.current' will likely have changed by the time this effect cleanup function runs. If this ref points to a node rendered by React, copy 'mountRef.current' to a variable inside the effect, and use that variable in the cleanup function  react-hooks/exhaustive-deps

src\games\snakegame\GameLogic.js
  Line 92:21:  Function declared in a loop contains unsafe references to variable(s) 'newApple', 'newApple'  no-loop-func
  Line 93:21:  Function declared in a loop contains unsafe references to variable(s) 'newApple', 'newApple'  no-loop-func

src\games\snakegame\SnakeRaceGame.jsx
  Line 42:6:  React Hook useEffect has a missing dependency: 'resetGame'. Either include it or remove the dependency array  react-hooks/exhaustive-deps

[39m[22m

webpack compiled with [1m[33m1 warning[39m[22m
Compiling...
Compiled with warnings.

[eslint] 
src\components\Navbar.js
  Line 3:70:  'FaCube' is defined but never used  no-unused-vars

src\components\ProfileBanner.js
  Line 1:17:  'useEffect' is defined but never used  no-unused-vars
  Line 1:28:  'useState' is defined but never used   no-unused-vars

src\components\TopPicksRow.js
  Line 4:10:  'FaPassport' is defined but never used      no-unused-vars
  Line 4:43:  'FaCertificate' is defined but never used   no-unused-vars
  Line 4:58:  'FaHandsHelping' is defined but never used  no-unused-vars

src\games\SpaceExploration.js
  Line 35:20:  The ref value 'mountRef.current' will likely have changed by the time this effect cleanup function runs. If this ref points to a node rendered by React, copy 'mountRef.current' to a variable inside the effect, and use that variable in the cleanup function  react-hooks/exhaustive-deps

src\games\ThreeDChess.js
  Line 34:20:  The ref value 'mountRef.current' will likely have changed by the time this effect cleanup function runs. If this ref points to a node rendered by React, copy 'mountRef.current' to a variable inside the effect, and use that variable in the cleanup function  react-hooks/exhaustive-deps

src\games\VirtualShootingRange.js
  Line 35:20:  The ref value 'mountRef.current' will likely have changed by the time this effect cleanup function runs. If this ref points to a node rendered by React, copy 'mountRef.current' to a variable inside the effect, and use that variable in the cleanup function  react-hooks/exhaustive-deps

src\games\snakegame\GameLogic.js
  Line 92:21:  Function declared in a loop contains unsafe references to variable(s) 'newApple', 'newApple'  no-loop-func
  Line 93:21:  Function declared in a loop contains unsafe references to variable(s) 'newApple', 'newApple'  no-loop-func

src\games\snakegame\SnakeRaceGame.jsx
  Line 42:6:  React Hook useEffect has a missing dependency: 'resetGame'. Either include it or remove the dependency array  react-hooks/exhaustive-deps

src\pages\Music.js
  Line 44:13:  <iframe> elements must have a unique title property  jsx-a11y/iframe-has-title
  Line 64:15:  <iframe> elements must have a unique title property  jsx-a11y/iframe-has-title

Search for the keywords to learn more about each warning.
To ignore, add // eslint-disable-next-line to the line before.

[1m[33mWARNING[39m[22m in [1m[eslint] 
src\components\Navbar.js
  Line 3:70:  'FaCube' is defined but never used  no-unused-vars

src\components\ProfileBanner.js
  Line 1:17:  'useEffect' is defined but never used  no-unused-vars
  Line 1:28:  'useState' is defined but never used   no-unused-vars

src\components\TopPicksRow.js
  Line 4:10:  'FaPassport' is defined but never used      no-unused-vars
  Line 4:43:  'FaCertificate' is defined but never used   no-unused-vars
  Line 4:58:  'FaHandsHelping' is defined but never used  no-unused-vars

src\games\SpaceExploration.js
  Line 35:20:  The ref value 'mountRef.current' will likely have changed by the time this effect cleanup function runs. If this ref points to a node rendered by React, copy 'mountRef.current' to a variable inside the effect, and use that variable in the cleanup function  react-hooks/exhaustive-deps

src\games\ThreeDChess.js
  Line 34:20:  The ref value 'mountRef.current' will likely have changed by the time this effect cleanup function runs. If this ref points to a node rendered by React, copy 'mountRef.current' to a variable inside the effect, and use that variable in the cleanup function  react-hooks/exhaustive-deps

src\games\VirtualShootingRange.js
  Line 35:20:  The ref value 'mountRef.current' will likely have changed by the time this effect cleanup function runs. If this ref points to a node rendered by React, copy 'mountRef.current' to a variable inside the effect, and use that variable in the cleanup function  react-hooks/exhaustive-deps

src\games\snakegame\GameLogic.js
  Line 92:21:  Function declared in a loop contains unsafe references to variable(s) 'newApple', 'newApple'  no-loop-func
  Line 93:21:  Function declared in a loop contains unsafe references to variable(s) 'newApple', 'newApple'  no-loop-func

src\games\snakegame\SnakeRaceGame.jsx
  Line 42:6:  React Hook useEffect has a missing dependency: 'resetGame'. Either include it or remove the dependency array  react-hooks/exhaustive-deps

src\pages\Music.js
  Line 44:13:  <iframe> elements [1m[33mmust[39m[22m[1m have a unique title property  jsx-a11y/iframe-has-title
  Line 64:15:  <iframe> elements [1m[33mmust[39m[22m[1m have a unique title property  jsx-a11y/iframe-has-title

[39m[22m

webpack compiled with [1m[33m1 warning[39m[22m
Compiling...
Compiled with warnings.

[eslint] 
src\games\SpaceExploration.js
  Line 35:20:  The ref value 'mountRef.current' will likely have changed by the time this effect cleanup function runs. If this ref points to a node rendered by React, copy 'mountRef.current' to a variable inside the effect, and use that variable in the cleanup function  react-hooks/exhaustive-deps

src\games\ThreeDChess.js
  Line 34:20:  The ref value 'mountRef.current' will likely have changed by the time this effect cleanup function runs. If this ref points to a node rendered by React, copy 'mountRef.current' to a variable inside the effect, and use that variable in the cleanup function  react-hooks/exhaustive-deps

src\games\VirtualShootingRange.js
  Line 35:20:  The ref value 'mountRef.current' will likely have changed by the time this effect cleanup function runs. If this ref points to a node rendered by React, copy 'mountRef.current' to a variable inside the effect, and use that variable in the cleanup function  react-hooks/exhaustive-deps

src\games\snakegame\GameLogic.js
  Line 92:21:  Function declared in a loop contains unsafe references to variable(s) 'newApple', 'newApple'  no-loop-func
  Line 93:21:  Function declared in a loop contains unsafe references to variable(s) 'newApple', 'newApple'  no-loop-func

src\games\snakegame\SnakeRaceGame.jsx
  Line 42:6:  React Hook useEffect has a missing dependency: 'resetGame'. Either include it or remove the dependency array  react-hooks/exhaustive-deps

Search for the keywords to learn more about each warning.
To ignore, add // eslint-disable-next-line to the line before.

[1m[33mWARNING[39m[22m in [1m[eslint] 
src\games\SpaceExploration.js
  Line 35:20:  The ref value 'mountRef.current' will likely have changed by the time this effect cleanup function runs. If this ref points to a node rendered by React, copy 'mountRef.current' to a variable inside the effect, and use that variable in the cleanup function  react-hooks/exhaustive-deps

src\games\ThreeDChess.js
  Line 34:20:  The ref value 'mountRef.current' will likely have changed by the time this effect cleanup function runs. If this ref points to a node rendered by React, copy 'mountRef.current' to a variable inside the effect, and use that variable in the cleanup function  react-hooks/exhaustive-deps

src\games\VirtualShootingRange.js
  Line 35:20:  The ref value 'mountRef.current' will likely have changed by the time this effect cleanup function runs. If this ref points to a node rendered by React, copy 'mountRef.current' to a variable inside the effect, and use that variable in the cleanup function  react-hooks/exhaustive-deps

src\games\snakegame\GameLogic.js
  Line 92:21:  Function declared in a loop contains unsafe references to variable(s) 'newApple', 'newApple'  no-loop-func
  Line 93:21:  Function declared in a loop contains unsafe references to variable(s) 'newApple', 'newApple'  no-loop-func

src\games\snakegame\SnakeRaceGame.jsx
  Line 42:6:  React Hook useEffect has a missing dependency: 'resetGame'. Either include it or remove the dependency array  react-hooks/exhaustive-deps

[39m[22m

webpack compiled with [1m[33m1 warning[39m[22m
Compiling...
Compiled with warnings.

[eslint] 
src\games\SpaceExploration.js
  Line 35:20:  The ref value 'mountRef.current' will likely have changed by the time this effect cleanup function runs. If this ref points to a node rendered by React, copy 'mountRef.current' to a variable inside the effect, and use that variable in the cleanup function  react-hooks/exhaustive-deps

src\games\ThreeDChess.js
  Line 34:20:  The ref value 'mountRef.current' will likely have changed by the time this effect cleanup function runs. If this ref points to a node rendered by React, copy 'mountRef.current' to a variable inside the effect, and use that variable in the cleanup function  react-hooks/exhaustive-deps

src\games\VirtualShootingRange.js
  Line 35:20:  The ref value 'mountRef.current' will likely have changed by the time this effect cleanup function runs. If this ref points to a node rendered by React, copy 'mountRef.current' to a variable inside the effect, and use that variable in the cleanup function  react-hooks/exhaustive-deps

src\games\snakegame\GameLogic.js
  Line 92:21:  Function declared in a loop contains unsafe references to variable(s) 'newApple', 'newApple'  no-loop-func
  Line 93:21:  Function declared in a loop contains unsafe references to variable(s) 'newApple', 'newApple'  no-loop-func

src\games\snakegame\SnakeRaceGame.jsx
  Line 42:6:  React Hook useEffect has a missing dependency: 'resetGame'. Either include it or remove the dependency array  react-hooks/exhaustive-deps

Search for the keywords to learn more about each warning.
To ignore, add // eslint-disable-next-line to the line before.

[1m[33mWARNING[39m[22m in [1m[eslint] 
src\games\SpaceExploration.js
  Line 35:20:  The ref value 'mountRef.current' will likely have changed by the time this effect cleanup function runs. If this ref points to a node rendered by React, copy 'mountRef.current' to a variable inside the effect, and use that variable in the cleanup function  react-hooks/exhaustive-deps

src\games\ThreeDChess.js
  Line 34:20:  The ref value 'mountRef.current' will likely have changed by the time this effect cleanup function runs. If this ref points to a node rendered by React, copy 'mountRef.current' to a variable inside the effect, and use that variable in the cleanup function  react-hooks/exhaustive-deps

src\games\VirtualShootingRange.js
  Line 35:20:  The ref value 'mountRef.current' will likely have changed by the time this effect cleanup function runs. If this ref points to a node rendered by React, copy 'mountRef.current' to a variable inside the effect, and use that variable in the cleanup function  react-hooks/exhaustive-deps

src\games\snakegame\GameLogic.js
  Line 92:21:  Function declared in a loop contains unsafe references to variable(s) 'newApple', 'newApple'  no-loop-func
  Line 93:21:  Function declared in a loop contains unsafe references to variable(s) 'newApple', 'newApple'  no-loop-func

src\games\snakegame\SnakeRaceGame.jsx
  Line 42:6:  React Hook useEffect has a missing dependency: 'resetGame'. Either include it or remove the dependency array  react-hooks/exhaustive-deps

[39m[22m

webpack compiled with [1m[33m1 warning[39m[22m
Compiling...
Compiled with warnings.

[eslint] 
src\games\SpaceExploration.js
  Line 35:20:  The ref value 'mountRef.current' will likely have changed by the time this effect cleanup function runs. If this ref points to a node rendered by React, copy 'mountRef.current' to a variable inside the effect, and use that variable in the cleanup function  react-hooks/exhaustive-deps

src\games\ThreeDChess.js
  Line 34:20:  The ref value 'mountRef.current' will likely have changed by the time this effect cleanup function runs. If this ref points to a node rendered by React, copy 'mountRef.current' to a variable inside the effect, and use that variable in the cleanup function  react-hooks/exhaustive-deps

src\games\VirtualShootingRange.js
  Line 35:20:  The ref value 'mountRef.current' will likely have changed by the time this effect cleanup function runs. If this ref points to a node rendered by React, copy 'mountRef.current' to a variable inside the effect, and use that variable in the cleanup function  react-hooks/exhaustive-deps

src\games\snakegame\GameLogic.js
  Line 92:21:  Function declared in a loop contains unsafe references to variable(s) 'newApple', 'newApple'  no-loop-func
  Line 93:21:  Function declared in a loop contains unsafe references to variable(s) 'newApple', 'newApple'  no-loop-func

src\games\snakegame\SnakeRaceGame.jsx
  Line 42:6:  React Hook useEffect has a missing dependency: 'resetGame'. Either include it or remove the dependency array  react-hooks/exhaustive-deps

Search for the keywords to learn more about each warning.
To ignore, add // eslint-disable-next-line to the line before.

[1m[33mWARNING[39m[22m in [1m[eslint] 
src\games\SpaceExploration.js
  Line 35:20:  The ref value 'mountRef.current' will likely have changed by the time this effect cleanup function runs. If this ref points to a node rendered by React, copy 'mountRef.current' to a variable inside the effect, and use that variable in the cleanup function  react-hooks/exhaustive-deps

src\games\ThreeDChess.js
  Line 34:20:  The ref value 'mountRef.current' will likely have changed by the time this effect cleanup function runs. If this ref points to a node rendered by React, copy 'mountRef.current' to a variable inside the effect, and use that variable in the cleanup function  react-hooks/exhaustive-deps

src\games\VirtualShootingRange.js
  Line 35:20:  The ref value 'mountRef.current' will likely have changed by the time this effect cleanup function runs. If this ref points to a node rendered by React, copy 'mountRef.current' to a variable inside the effect, and use that variable in the cleanup function  react-hooks/exhaustive-deps

src\games\snakegame\GameLogic.js
  Line 92:21:  Function declared in a loop contains unsafe references to variable(s) 'newApple', 'newApple'  no-loop-func
  Line 93:21:  Function declared in a loop contains unsafe references to variable(s) 'newApple', 'newApple'  no-loop-func

src\games\snakegame\SnakeRaceGame.jsx
  Line 42:6:  React Hook useEffect has a missing dependency: 'resetGame'. Either include it or remove the dependency array  react-hooks/exhaustive-deps

[39m[22m

webpack compiled with [1m[33m1 warning[39m[22m
Compiling...
Compiled with warnings.

[eslint] 
src\games\SpaceExploration.js
  Line 35:20:  The ref value 'mountRef.current' will likely have changed by the time this effect cleanup function runs. If this ref points to a node rendered by React, copy 'mountRef.current' to a variable inside the effect, and use that variable in the cleanup function  react-hooks/exhaustive-deps

src\games\ThreeDChess.js
  Line 34:20:  The ref value 'mountRef.current' will likely have changed by the time this effect cleanup function runs. If this ref points to a node rendered by React, copy 'mountRef.current' to a variable inside the effect, and use that variable in the cleanup function  react-hooks/exhaustive-deps

src\games\VirtualShootingRange.js
  Line 35:20:  The ref value 'mountRef.current' will likely have changed by the time this effect cleanup function runs. If this ref points to a node rendered by React, copy 'mountRef.current' to a variable inside the effect, and use that variable in the cleanup function  react-hooks/exhaustive-deps

src\games\snakegame\GameLogic.js
  Line 92:21:  Function declared in a loop contains unsafe references to variable(s) 'newApple', 'newApple'  no-loop-func
  Line 93:21:  Function declared in a loop contains unsafe references to variable(s) 'newApple', 'newApple'  no-loop-func

src\games\snakegame\SnakeRaceGame.jsx
  Line 42:6:  React Hook useEffect has a missing dependency: 'resetGame'. Either include it or remove the dependency array  react-hooks/exhaustive-deps

Search for the keywords to learn more about each warning.
To ignore, add // eslint-disable-next-line to the line before.

[1m[33mWARNING[39m[22m in [1m[eslint] 
src\games\SpaceExploration.js
  Line 35:20:  The ref value 'mountRef.current' will likely have changed by the time this effect cleanup function runs. If this ref points to a node rendered by React, copy 'mountRef.current' to a variable inside the effect, and use that variable in the cleanup function  react-hooks/exhaustive-deps

src\games\ThreeDChess.js
  Line 34:20:  The ref value 'mountRef.current' will likely have changed by the time this effect cleanup function runs. If this ref points to a node rendered by React, copy 'mountRef.current' to a variable inside the effect, and use that variable in the cleanup function  react-hooks/exhaustive-deps

src\games\VirtualShootingRange.js
  Line 35:20:  The ref value 'mountRef.current' will likely have changed by the time this effect cleanup function runs. If this ref points to a node rendered by React, copy 'mountRef.current' to a variable inside the effect, and use that variable in the cleanup function  react-hooks/exhaustive-deps

src\games\snakegame\GameLogic.js
  Line 92:21:  Function declared in a loop contains unsafe references to variable(s) 'newApple', 'newApple'  no-loop-func
  Line 93:21:  Function declared in a loop contains unsafe references to variable(s) 'newApple', 'newApple'  no-loop-func

src\games\snakegame\SnakeRaceGame.jsx
  Line 42:6:  React Hook useEffect has a missing dependency: 'resetGame'. Either include it or remove the dependency array  react-hooks/exhaustive-deps

[39m[22m

webpack compiled with [1m[33m1 warning[39m[22m
Compiling...
Compiled with warnings.

[eslint] 
src\games\SpaceExploration.js
  Line 35:20:  The ref value 'mountRef.current' will likely have changed by the time this effect cleanup function runs. If this ref points to a node rendered by React, copy 'mountRef.current' to a variable inside the effect, and use that variable in the cleanup function  react-hooks/exhaustive-deps

src\games\ThreeDChess.js
  Line 34:20:  The ref value 'mountRef.current' will likely have changed by the time this effect cleanup function runs. If this ref points to a node rendered by React, copy 'mountRef.current' to a variable inside the effect, and use that variable in the cleanup function  react-hooks/exhaustive-deps

src\games\VirtualShootingRange.js
  Line 35:20:  The ref value 'mountRef.current' will likely have changed by the time this effect cleanup function runs. If this ref points to a node rendered by React, copy 'mountRef.current' to a variable inside the effect, and use that variable in the cleanup function  react-hooks/exhaustive-deps

src\games\snakegame\GameLogic.js
  Line 92:21:  Function declared in a loop contains unsafe references to variable(s) 'newApple', 'newApple'  no-loop-func
  Line 93:21:  Function declared in a loop contains unsafe references to variable(s) 'newApple', 'newApple'  no-loop-func

src\games\snakegame\SnakeRaceGame.jsx
  Line 42:6:  React Hook useEffect has a missing dependency: 'resetGame'. Either include it or remove the dependency array  react-hooks/exhaustive-deps

Search for the keywords to learn more about each warning.
To ignore, add // eslint-disable-next-line to the line before.

[1m[33mWARNING[39m[22m in [1m[eslint] 
src\games\SpaceExploration.js
  Line 35:20:  The ref value 'mountRef.current' will likely have changed by the time this effect cleanup function runs. If this ref points to a node rendered by React, copy 'mountRef.current' to a variable inside the effect, and use that variable in the cleanup function  react-hooks/exhaustive-deps

src\games\ThreeDChess.js
  Line 34:20:  The ref value 'mountRef.current' will likely have changed by the time this effect cleanup function runs. If this ref points to a node rendered by React, copy 'mountRef.current' to a variable inside the effect, and use that variable in the cleanup function  react-hooks/exhaustive-deps

src\games\VirtualShootingRange.js
  Line 35:20:  The ref value 'mountRef.current' will likely have changed by the time this effect cleanup function runs. If this ref points to a node rendered by React, copy 'mountRef.current' to a variable inside the effect, and use that variable in the cleanup function  react-hooks/exhaustive-deps

src\games\snakegame\GameLogic.js
  Line 92:21:  Function declared in a loop contains unsafe references to variable(s) 'newApple', 'newApple'  no-loop-func
  Line 93:21:  Function declared in a loop contains unsafe references to variable(s) 'newApple', 'newApple'  no-loop-func

src\games\snakegame\SnakeRaceGame.jsx
  Line 42:6:  React Hook useEffect has a missing dependency: 'resetGame'. Either include it or remove the dependency array  react-hooks/exhaustive-deps

[39m[22m

webpack compiled with [1m[33m1 warning[39m[22m
Compiling...
Failed to compile.

[eslint] 
src\pages\Browse.js
  Line 22:27:  React Hook "useProgressiveItems" is called conditionally. React Hooks must be called in the exact same order in every component render. Did you accidentally call a React Hook after an early return?  react-hooks/rules-of-hooks

Search for the keywords to learn more about each error.
[1m[33mWARNING[39m[22m in [1m[eslint] 
src\games\SpaceExploration.js
  Line 35:20:  The ref value 'mountRef.current' will likely have changed by the time this effect cleanup function runs. If this ref points to a node rendered by React, copy 'mountRef.current' to a variable inside the effect, and use that variable in the cleanup function  react-hooks/exhaustive-deps

src\games\ThreeDChess.js
  Line 34:20:  The ref value 'mountRef.current' will likely have changed by the time this effect cleanup function runs. If this ref points to a node rendered by React, copy 'mountRef.current' to a variable inside the effect, and use that variable in the cleanup function  react-hooks/exhaustive-deps

src\games\VirtualShootingRange.js
  Line 35:20:  The ref value 'mountRef.current' will likely have changed by the time this effect cleanup function runs. If this ref points to a node rendered by React, copy 'mountRef.current' to a variable inside the effect, and use that variable in the cleanup function  react-hooks/exhaustive-deps

src\games\snakegame\GameLogic.js
  Line 92:21:  Function declared in a loop contains unsafe references to variable(s) 'newApple', 'newApple'  no-loop-func
  Line 93:21:  Function declared in a loop contains unsafe references to variable(s) 'newApple', 'newApple'  no-loop-func

src\games\snakegame\SnakeRaceGame.jsx
  Line 42:6:  React Hook useEffect has a missing dependency: 'resetGame'. Either include it or remove the dependency array  react-hooks/exhaustive-deps

[39m[22m

[1m[31mERROR[39m[22m in [1m[eslint] 
src\pages\Browse.js
  Line 22:27:  React Hook "useProgressiveItems" is called conditionally. React Hooks [1m[33mmust[39m[22m[1m be called in the exact same order in every component render. Did you accidentally call a React Hook after an early return?  react-hooks/rules-of-hooks

Search for the keywords to learn more about each [1m[31merror[39m[22m[1m.[39m[22m

webpack compiled with [1m[31m1 error[39m[22m and [1m[33m1 warning[39m[22m
Compiling...
Failed to compile.

[eslint] 
src\pages\Browse.js
  Line 22:27:  React Hook "useProgressiveItems" is called conditionally. React Hooks must be called in the exact same order in every component render. Did you accidentally call a React Hook after an early return?  react-hooks/rules-of-hooks

Search for the keywords to learn more about each error.
[1m[33mWARNING[39m[22m in [1m[eslint] 
src\games\SpaceExploration.js
  Line 35:20:  The ref value 'mountRef.current' will likely have changed by the time this effect cleanup function runs. If this ref points to a node rendered by React, copy 'mountRef.current' to a variable inside the effect, and use that variable in the cleanup function  react-hooks/exhaustive-deps

src\games\ThreeDChess.js
  Line 34:20:  The ref value 'mountRef.current' will likely have changed by the time this effect cleanup function runs. If this ref points to a node rendered by React, copy 'mountRef.current' to a variable inside the effect, and use that variable in the cleanup function  react-hooks/exhaustive-deps

src\games\VirtualShootingRange.js
  Line 35:20:  The ref value 'mountRef.current' will likely have changed by the time this effect cleanup function runs. If this ref points to a node rendered by React, copy 'mountRef.current' to a variable inside the effect, and use that variable in the cleanup function  react-hooks/exhaustive-deps

src\games\snakegame\GameLogic.js
  Line 92:21:  Function declared in a loop contains unsafe references to variable(s) 'newApple', 'newApple'  no-loop-func
  Line 93:21:  Function declared in a loop contains unsafe references to variable(s) 'newApple', 'newApple'  no-loop-func

src\games\snakegame\SnakeRaceGame.jsx
  Line 42:6:  React Hook useEffect has a missing dependency: 'resetGame'. Either include it or remove the dependency array  react-hooks/exhaustive-deps

[39m[22m

[1m[31mERROR[39m[22m in [1m[eslint] 
src\pages\Browse.js
  Line 22:27:  React Hook "useProgressiveItems" is called conditionally. React Hooks [1m[33mmust[39m[22m[1m be called in the exact same order in every component render. Did you accidentally call a React Hook after an early return?  react-hooks/rules-of-hooks

Search for the keywords to learn more about each [1m[31merror[39m[22m[1m.[39m[22m

webpack compiled with [1m[31m1 error[39m[22m and [1m[33m1 warning[39m[22m
Compiling...
Compiled with warnings.

[eslint] 
src\games\SpaceExploration.js
  Line 35:20:  The ref value 'mountRef.current' will likely have changed by the time this effect cleanup function runs. If this ref points to a node rendered by React, copy 'mountRef.current' to a variable inside the effect, and use that variable in the cleanup function  react-hooks/exhaustive-deps

src\games\ThreeDChess.js
  Line 34:20:  The ref value 'mountRef.current' will likely have changed by the time this effect cleanup function runs. If this ref points to a node rendered by React, copy 'mountRef.current' to a variable inside the effect, and use that variable in the cleanup function  react-hooks/exhaustive-deps

src\games\VirtualShootingRange.js
  Line 35:20:  The ref value 'mountRef.current' will likely have changed by the time this effect cleanup function runs. If this ref points to a node rendered by React, copy 'mountRef.current' to a variable inside the effect, and use that variable in the cleanup function  react-hooks/exhaustive-deps

src\games\snakegame\GameLogic.js
  Line 92:21:  Function declared in a loop contains unsafe references to variable(s) 'newApple', 'newApple'  no-loop-func
  Line 93:21:  Function declared in a loop contains unsafe references to variable(s) 'newApple', 'newApple'  no-loop-func

src\games\snakegame\SnakeRaceGame.jsx
  Line 42:6:  React Hook useEffect has a missing dependency: 'resetGame'. Either include it or remove the dependency array  react-hooks/exhaustive-deps

Search for the keywords to learn more about each warning.
To ignore, add // eslint-disable-next-line to the line before.

[1m[33mWARNING[39m[22m in [1m[eslint] 
src\games\SpaceExploration.js
  Line 35:20:  The ref value 'mountRef.current' will likely have changed by the time this effect cleanup function runs. If this ref points to a node rendered by React, copy 'mountRef.current' to a variable inside the effect, and use that variable in the cleanup function  react-hooks/exhaustive-deps

src\games\ThreeDChess.js
  Line 34:20:  The ref value 'mountRef.current' will likely have changed by the time this effect cleanup function runs. If this ref points to a node rendered by React, copy 'mountRef.current' to a variable inside the effect, and use that variable in the cleanup function  react-hooks/exhaustive-deps

src\games\VirtualShootingRange.js
  Line 35:20:  The ref value 'mountRef.current' will likely have changed by the time this effect cleanup function runs. If this ref points to a node rendered by React, copy 'mountRef.current' to a variable inside the effect, and use that variable in the cleanup function  react-hooks/exhaustive-deps

src\games\snakegame\GameLogic.js
  Line 92:21:  Function declared in a loop contains unsafe references to variable(s) 'newApple', 'newApple'  no-loop-func
  Line 93:21:  Function declared in a loop contains unsafe references to variable(s) 'newApple', 'newApple'  no-loop-func

src\games\snakegame\SnakeRaceGame.jsx
  Line 42:6:  React Hook useEffect has a missing dependency: 'resetGame'. Either include it or remove the dependency array  react-hooks/exhaustive-deps

[39m[22m

webpack compiled with [1m[33m1 warning[39m[22m
Compiling...
Compiled with warnings.

[eslint] 
src\games\SpaceExploration.js
  Line 35:20:  The ref value 'mountRef.current' will likely have changed by the time this effect cleanup function runs. If this ref points to a node rendered by React, copy 'mountRef.current' to a variable inside the effect, and use that variable in the cleanup function  react-hooks/exhaustive-deps

src\games\ThreeDChess.js
  Line 34:20:  The ref value 'mountRef.current' will likely have changed by the time this effect cleanup function runs. If this ref points to a node rendered by React, copy 'mountRef.current' to a variable inside the effect, and use that variable in the cleanup function  react-hooks/exhaustive-deps

src\games\VirtualShootingRange.js
  Line 35:20:  The ref value 'mountRef.current' will likely have changed by the time this effect cleanup function runs. If this ref points to a node rendered by React, copy 'mountRef.current' to a variable inside the effect, and use that variable in the cleanup function  react-hooks/exhaustive-deps

src\games\snakegame\GameLogic.js
  Line 92:21:  Function declared in a loop contains unsafe references to variable(s) 'newApple', 'newApple'  no-loop-func
  Line 93:21:  Function declared in a loop contains unsafe references to variable(s) 'newApple', 'newApple'  no-loop-func

src\games\snakegame\SnakeRaceGame.jsx
  Line 42:6:  React Hook useEffect has a missing dependency: 'resetGame'. Either include it or remove the dependency array  react-hooks/exhaustive-deps

Search for the keywords to learn more about each warning.
To ignore, add // eslint-disable-next-line to the line before.

[1m[33mWARNING[39m[22m in [1m[eslint] 
src\games\SpaceExploration.js
  Line 35:20:  The ref value 'mountRef.current' will likely have changed by the time this effect cleanup function runs. If this ref points to a node rendered by React, copy 'mountRef.current' to a variable inside the effect, and use that variable in the cleanup function  react-hooks/exhaustive-deps

src\games\ThreeDChess.js
  Line 34:20:  The ref value 'mountRef.current' will likely have changed by the time this effect cleanup function runs. If this ref points to a node rendered by React, copy 'mountRef.current' to a variable inside the effect, and use that variable in the cleanup function  react-hooks/exhaustive-deps

src\games\VirtualShootingRange.js
  Line 35:20:  The ref value 'mountRef.current' will likely have changed by the time this effect cleanup function runs. If this ref points to a node rendered by React, copy 'mountRef.current' to a variable inside the effect, and use that variable in the cleanup function  react-hooks/exhaustive-deps

src\games\snakegame\GameLogic.js
  Line 92:21:  Function declared in a loop contains unsafe references to variable(s) 'newApple', 'newApple'  no-loop-func
  Line 93:21:  Function declared in a loop contains unsafe references to variable(s) 'newApple', 'newApple'  no-loop-func

src\games\snakegame\SnakeRaceGame.jsx
  Line 42:6:  React Hook useEffect has a missing dependency: 'resetGame'. Either include it or remove the dependency array  react-hooks/exhaustive-deps

[39m[22m

webpack compiled with [1m[33m1 warning[39m[22m
Compiling...
Compiled with warnings.

[eslint] 
src\games\SpaceExploration.js
  Line 35:20:  The ref value 'mountRef.current' will likely have changed by the time this effect cleanup function runs. If this ref points to a node rendered by React, copy 'mountRef.current' to a variable inside the effect, and use that variable in the cleanup function  react-hooks/exhaustive-deps

src\games\ThreeDChess.js
  Line 34:20:  The ref value 'mountRef.current' will likely have changed by the time this effect cleanup function runs. If this ref points to a node rendered by React, copy 'mountRef.current' to a variable inside the effect, and use that variable in the cleanup function  react-hooks/exhaustive-deps

src\games\VirtualShootingRange.js
  Line 35:20:  The ref value 'mountRef.current' will likely have changed by the time this effect cleanup function runs. If this ref points to a node rendered by React, copy 'mountRef.current' to a variable inside the effect, and use that variable in the cleanup function  react-hooks/exhaustive-deps

src\games\snakegame\GameLogic.js
  Line 92:21:  Function declared in a loop contains unsafe references to variable(s) 'newApple', 'newApple'  no-loop-func
  Line 93:21:  Function declared in a loop contains unsafe references to variable(s) 'newApple', 'newApple'  no-loop-func

src\games\snakegame\SnakeRaceGame.jsx
  Line 42:6:  React Hook useEffect has a missing dependency: 'resetGame'. Either include it or remove the dependency array  react-hooks/exhaustive-deps

Search for the keywords to learn more about each warning.
To ignore, add // eslint-disable-next-line to the line before.

[1m[33mWARNING[39m[22m in [1m[eslint] 
src\games\SpaceExploration.js
  Line 35:20:  The ref value 'mountRef.current' will likely have changed by the time this effect cleanup function runs. If this ref points to a node rendered by React, copy 'mountRef.current' to a variable inside the effect, and use that variable in the cleanup function  react-hooks/exhaustive-deps

src\games\ThreeDChess.js
  Line 34:20:  The ref value 'mountRef.current' will likely have changed by the time this effect cleanup function runs. If this ref points to a node rendered by React, copy 'mountRef.current' to a variable inside the effect, and use that variable in the cleanup function  react-hooks/exhaustive-deps

src\games\VirtualShootingRange.js
  Line 35:20:  The ref value 'mountRef.current' will likely have changed by the time this effect cleanup function runs. If this ref points to a node rendered by React, copy 'mountRef.current' to a variable inside the effect, and use that variable in the cleanup function  react-hooks/exhaustive-deps

src\games\snakegame\GameLogic.js
  Line 92:21:  Function declared in a loop contains unsafe references to variable(s) 'newApple', 'newApple'  no-loop-func
  Line 93:21:  Function declared in a loop contains unsafe references to variable(s) 'newApple', 'newApple'  no-loop-func

src\games\snakegame\SnakeRaceGame.jsx
  Line 42:6:  React Hook useEffect has a missing dependency: 'resetGame'. Either include it or remove the dependency array  react-hooks/exhaustive-deps

[39m[22m

webpack compiled with [1m[33m1 warning[39m[22m
Compiling...
Failed to compile.

[eslint] 
src\components\TopPicksRow.js
  Line 15:27:  React Hook "useCallback" is called conditionally. React Hooks must be called in the exact same order in every component render. Did you accidentally call a React Hook after an early return?  react-hooks/rules-of-hooks
  Line 26:21:  React Hook "useMemo" is called conditionally. React Hooks must be called in the exact same order in every component render. Did you accidentally call a React Hook after an early return?      react-hooks/rules-of-hooks

src\pages\Browse.js
  Line 38:31:  React Hook "useCallback" is called conditionally. React Hooks must be called in the exact same order in every component render. Did you accidentally call a React Hook after an early return?  react-hooks/rules-of-hooks
  Line 45:30:  React Hook "useCallback" is called conditionally. React Hooks must be called in the exact same order in every component render. Did you accidentally call a React Hook after an early return?  react-hooks/rules-of-hooks
  Line 49:24:  React Hook "useMemo" is called conditionally. React Hooks must be called in the exact same order in every component render. Did you accidentally call a React Hook after an early return?      react-hooks/rules-of-hooks

src\pages\Projects.js
  Line 23:29:  React Hook "useCallback" is called conditionally. React Hooks must be called in the exact same order in every component render. Did you accidentally call a React Hook after an early return?  react-hooks/rules-of-hooks
  Line 40:32:  React Hook "useCallback" is called conditionally. React Hooks must be called in the exact same order in every component render. Did you accidentally call a React Hook after an early return?  react-hooks/rules-of-hooks
  Line 52:24:  React Hook "useMemo" is called conditionally. React Hooks must be called in the exact same order in every component render. Did you accidentally call a React Hook after an early return?      react-hooks/rules-of-hooks

Search for the keywords to learn more about each error.
[1m[33mWARNING[39m[22m in [1m[eslint] 
src\games\SpaceExploration.js
  Line 35:20:  The ref value 'mountRef.current' will likely have changed by the time this effect cleanup function runs. If this ref points to a node rendered by React, copy 'mountRef.current' to a variable inside the effect, and use that variable in the cleanup function  react-hooks/exhaustive-deps

src\games\ThreeDChess.js
  Line 34:20:  The ref value 'mountRef.current' will likely have changed by the time this effect cleanup function runs. If this ref points to a node rendered by React, copy 'mountRef.current' to a variable inside the effect, and use that variable in the cleanup function  react-hooks/exhaustive-deps

src\games\VirtualShootingRange.js
  Line 35:20:  The ref value 'mountRef.current' will likely have changed by the time this effect cleanup function runs. If this ref points to a node rendered by React, copy 'mountRef.current' to a variable inside the effect, and use that variable in the cleanup function  react-hooks/exhaustive-deps

src\games\snakegame\GameLogic.js
  Line 92:21:  Function declared in a loop contains unsafe references to variable(s) 'newApple', 'newApple'  no-loop-func
  Line 93:21:  Function declared in a loop contains unsafe references to variable(s) 'newApple', 'newApple'  no-loop-func

src\games\snakegame\SnakeRaceGame.jsx
  Line 42:6:  React Hook useEffect has a missing dependency: 'resetGame'. Either include it or remove the dependency array  react-hooks/exhaustive-deps

[39m[22m

[1m[31mERROR[39m[22m in [1m[eslint] 
src\components\TopPicksRow.js
  Line 15:27:  React Hook "useCallback" is called conditionally. React Hooks [1m[33mmust[39m[22m[1m be called in the exact same order in every component render. Did you accidentally call a React Hook after an early return?  react-hooks/rules-of-hooks
  Line 26:21:  React Hook "useMemo" is called conditionally. React Hooks [1m[33mmust[39m[22m[1m be called in the exact same order in every component render. Did you accidentally call a React Hook after an early return?      react-hooks/rules-of-hooks

src\pages\Browse.js
  Line 38:31:  React Hook "useCallback" is called conditionally. React Hooks [1m[33mmust[39m[22m[1m be called in the exact same order in every component render. Did you accidentally call a React Hook after an early return?  react-hooks/rules-of-hooks
  Line 45:30:  React Hook "useCallback" is called conditionally. React Hooks [1m[33mmust[39m[22m[1m be called in the exact same order in every component render. Did you accidentally call a React Hook after an early return?  react-hooks/rules-of-hooks
  Line 49:24:  React Hook "useMemo" is called conditionally. React Hooks [1m[33mmust[39m[22m[1m be called in the exact same order in every component render. Did you accidentally call a React Hook after an early return?      react-hooks/rules-of-hooks

src\pages\Projects.js
  Line 23:29:  React Hook "useCallback" is called conditionally. React Hooks [1m[33mmust[39m[22m[1m be called in the exact same order in every component render. Did you accidentally call a React Hook after an early return?  react-hooks/rules-of-hooks
  Line 40:32:  React Hook "useCallback" is called conditionally. React Hooks [1m[33mmust[39m[22m[1m be called in the exact same order in every component render. Did you accidentally call a React Hook after an early return?  react-hooks/rules-of-hooks
  Line 52:24:  React Hook "useMemo" is called conditionally. React Hooks [1m[33mmust[39m[22m[1m be called in the exact same order in every component render. Did you accidentally call a React Hook after an early return?      react-hooks/rules-of-hooks

Search for the keywords to learn more about each [1m[31merror[39m[22m[1m.[39m[22m

webpack compiled with [1m[31m1 error[39m[22m and [1m[33m1 warning[39m[22m
Compiling...
Compiled with warnings.

[eslint] 
src\games\SpaceExploration.js
  Line 35:20:  The ref value 'mountRef.current' will likely have changed by the time this effect cleanup function runs. If this ref points to a node rendered by React, copy 'mountRef.current' to a variable inside the effect, and use that variable in the cleanup function  react-hooks/exhaustive-deps

src\games\ThreeDChess.js
  Line 34:20:  The ref value 'mountRef.current' will likely have changed by the time this effect cleanup function runs. If this ref points to a node rendered by React, copy 'mountRef.current' to a variable inside the effect, and use that variable in the cleanup function  react-hooks/exhaustive-deps

src\games\VirtualShootingRange.js
  Line 35:20:  The ref value 'mountRef.current' will likely have changed by the time this effect cleanup function runs. If this ref points to a node rendered by React, copy 'mountRef.current' to a variable inside the effect, and use that variable in the cleanup function  react-hooks/exhaustive-deps

src\games\snakegame\GameLogic.js
  Line 92:21:  Function declared in a loop contains unsafe references to variable(s) 'newApple', 'newApple'  no-loop-func
  Line 93:21:  Function declared in a loop contains unsafe references to variable(s) 'newApple', 'newApple'  no-loop-func

src\games\snakegame\SnakeRaceGame.jsx
  Line 42:6:  React Hook useEffect has a missing dependency: 'resetGame'. Either include it or remove the dependency array  react-hooks/exhaustive-deps

Search for the keywords to learn more about each warning.
To ignore, add // eslint-disable-next-line to the line before.

[1m[33mWARNING[39m[22m in [1m[eslint] 
src\games\SpaceExploration.js
  Line 35:20:  The ref value 'mountRef.current' will likely have changed by the time this effect cleanup function runs. If this ref points to a node rendered by React, copy 'mountRef.current' to a variable inside the effect, and use that variable in the cleanup function  react-hooks/exhaustive-deps

src\games\ThreeDChess.js
  Line 34:20:  The ref value 'mountRef.current' will likely have changed by the time this effect cleanup function runs. If this ref points to a node rendered by React, copy 'mountRef.current' to a variable inside the effect, and use that variable in the cleanup function  react-hooks/exhaustive-deps

src\games\VirtualShootingRange.js
  Line 35:20:  The ref value 'mountRef.current' will likely have changed by the time this effect cleanup function runs. If this ref points to a node rendered by React, copy 'mountRef.current' to a variable inside the effect, and use that variable in the cleanup function  react-hooks/exhaustive-deps

src\games\snakegame\GameLogic.js
  Line 92:21:  Function declared in a loop contains unsafe references to variable(s) 'newApple', 'newApple'  no-loop-func
  Line 93:21:  Function declared in a loop contains unsafe references to variable(s) 'newApple', 'newApple'  no-loop-func

src\games\snakegame\SnakeRaceGame.jsx
  Line 42:6:  React Hook useEffect has a missing dependency: 'resetGame'. Either include it or remove the dependency array  react-hooks/exhaustive-deps

[39m[22m

webpack compiled with [1m[33m1 warning[39m[22m
Compiling...
Compiled with warnings.

[eslint] 
src\games\SpaceExploration.js
  Line 35:20:  The ref value 'mountRef.current' will likely have changed by the time this effect cleanup function runs. If this ref points to a node rendered by React, copy 'mountRef.current' to a variable inside the effect, and use that variable in the cleanup function  react-hooks/exhaustive-deps

src\games\ThreeDChess.js
  Line 34:20:  The ref value 'mountRef.current' will likely have changed by the time this effect cleanup function runs. If this ref points to a node rendered by React, copy 'mountRef.current' to a variable inside the effect, and use that variable in the cleanup function  react-hooks/exhaustive-deps

src\games\VirtualShootingRange.js
  Line 35:20:  The ref value 'mountRef.current' will likely have changed by the time this effect cleanup function runs. If this ref points to a node rendered by React, copy 'mountRef.current' to a variable inside the effect, and use that variable in the cleanup function  react-hooks/exhaustive-deps

src\games\snakegame\GameLogic.js
  Line 92:21:  Function declared in a loop contains unsafe references to variable(s) 'newApple', 'newApple'  no-loop-func
  Line 93:21:  Function declared in a loop contains unsafe references to variable(s) 'newApple', 'newApple'  no-loop-func

src\games\snakegame\SnakeRaceGame.jsx
  Line 42:6:  React Hook useEffect has a missing dependency: 'resetGame'. Either include it or remove the dependency array  react-hooks/exhaustive-deps

Search for the keywords to learn more about each warning.
To ignore, add // eslint-disable-next-line to the line before.

[1m[33mWARNING[39m[22m in [1m[eslint] 
src\games\SpaceExploration.js
  Line 35:20:  The ref value 'mountRef.current' will likely have changed by the time this effect cleanup function runs. If this ref points to a node rendered by React, copy 'mountRef.current' to a variable inside the effect, and use that variable in the cleanup function  react-hooks/exhaustive-deps

src\games\ThreeDChess.js
  Line 34:20:  The ref value 'mountRef.current' will likely have changed by the time this effect cleanup function runs. If this ref points to a node rendered by React, copy 'mountRef.current' to a variable inside the effect, and use that variable in the cleanup function  react-hooks/exhaustive-deps

src\games\VirtualShootingRange.js
  Line 35:20:  The ref value 'mountRef.current' will likely have changed by the time this effect cleanup function runs. If this ref points to a node rendered by React, copy 'mountRef.current' to a variable inside the effect, and use that variable in the cleanup function  react-hooks/exhaustive-deps

src\games\snakegame\GameLogic.js
  Line 92:21:  Function declared in a loop contains unsafe references to variable(s) 'newApple', 'newApple'  no-loop-func
  Line 93:21:  Function declared in a loop contains unsafe references to variable(s) 'newApple', 'newApple'  no-loop-func

src\games\snakegame\SnakeRaceGame.jsx
  Line 42:6:  React Hook useEffect has a missing dependency: 'resetGame'. Either include it or remove the dependency array  react-hooks/exhaustive-deps

[39m[22m

webpack compiled with [1m[33m1 warning[39m[22m
Compiling...
Compiled with warnings.

[eslint] 
src\games\SpaceExploration.js
  Line 35:20:  The ref value 'mountRef.current' will likely have changed by the time this effect cleanup function runs. If this ref points to a node rendered by React, copy 'mountRef.current' to a variable inside the effect, and use that variable in the cleanup function  react-hooks/exhaustive-deps

src\games\ThreeDChess.js
  Line 34:20:  The ref value 'mountRef.current' will likely have changed by the time this effect cleanup function runs. If this ref points to a node rendered by React, copy 'mountRef.current' to a variable inside the effect, and use that variable in the cleanup function  react-hooks/exhaustive-deps

src\games\VirtualShootingRange.js
  Line 35:20:  The ref value 'mountRef.current' will likely have changed by the time this effect cleanup function runs. If this ref points to a node rendered by React, copy 'mountRef.current' to a variable inside the effect, and use that variable in the cleanup function  react-hooks/exhaustive-deps

src\games\snakegame\GameLogic.js
  Line 92:21:  Function declared in a loop contains unsafe references to variable(s) 'newApple', 'newApple'  no-loop-func
  Line 93:21:  Function declared in a loop contains unsafe references to variable(s) 'newApple', 'newApple'  no-loop-func

src\games\snakegame\SnakeRaceGame.jsx
  Line 42:6:  React Hook useEffect has a missing dependency: 'resetGame'. Either include it or remove the dependency array  react-hooks/exhaustive-deps

Search for the keywords to learn more about each warning.
To ignore, add // eslint-disable-next-line to the line before.

[1m[33mWARNING[39m[22m in [1m[eslint] 
src\games\SpaceExploration.js
  Line 35:20:  The ref value 'mountRef.current' will likely have changed by the time this effect cleanup function runs. If this ref points to a node rendered by React, copy 'mountRef.current' to a variable inside the effect, and use that variable in the cleanup function  react-hooks/exhaustive-deps

src\games\ThreeDChess.js
  Line 34:20:  The ref value 'mountRef.current' will likely have changed by the time this effect cleanup function runs. If this ref points to a node rendered by React, copy 'mountRef.current' to a variable inside the effect, and use that variable in the cleanup function  react-hooks/exhaustive-deps

src\games\VirtualShootingRange.js
  Line 35:20:  The ref value 'mountRef.current' will likely have changed by the time this effect cleanup function runs. If this ref points to a node rendered by React, copy 'mountRef.current' to a variable inside the effect, and use that variable in the cleanup function  react-hooks/exhaustive-deps

src\games\snakegame\GameLogic.js
  Line 92:21:  Function declared in a loop contains unsafe references to variable(s) 'newApple', 'newApple'  no-loop-func
  Line 93:21:  Function declared in a loop contains unsafe references to variable(s) 'newApple', 'newApple'  no-loop-func

src\games\snakegame\SnakeRaceGame.jsx
  Line 42:6:  React Hook useEffect has a missing dependency: 'resetGame'. Either include it or remove the dependency array  react-hooks/exhaustive-deps

[39m[22m

webpack compiled with [1m[33m1 warning[39m[22m
^C^C